// Jest Snapshot v1, https://goo.gl/fbAQLP

exports[`Input component render input component 1`] = `
Object {
  "asFragment": [Function],
  "baseElement": <body>
    <div>
      <label
        class="col-sm-2 col-form-label"
        for="bedroom"
      >
        Bedroom
      </label>
      <div
        class="col-sm-10"
      >
        <input
          class="form-control"
          max="10"
          min="1"
          name="bedroom"
          required=""
          type="number"
          value=""
        />
        <div
          class="invalid-feedback"
        >
          Bedroom must be between 1 and 10
        </div>
      </div>
    </div>
  </body>,
  "container": <div>
    <label
      class="col-sm-2 col-form-label"
      for="bedroom"
    >
      Bedroom
    </label>
    <div
      class="col-sm-10"
    >
      <input
        class="form-control"
        max="10"
        min="1"
        name="bedroom"
        required=""
        type="number"
        value=""
      />
      <div
        class="invalid-feedback"
      >
        Bedroom must be between 1 and 10
      </div>
    </div>
  </div>,
  "debug": [Function],
  "findAllByAltText": [Function],
  "findAllByDisplayValue": [Function],
  "findAllByLabelText": [Function],
  "findAllByPlaceholderText": [Function],
  "findAllByRole": [Function],
  "findAllByTestId": [Function],
  "findAllByText": [Function],
  "findAllByTitle": [Function],
  "findByAltText": [Function],
  "findByDisplayValue": [Function],
  "findByLabelText": [Function],
  "findByPlaceholderText": [Function],
  "findByRole": [Function],
  "findByTestId": [Function],
  "findByText": [Function],
  "findByTitle": [Function],
  "getAllByAltText": [Function],
  "getAllByDisplayValue": [Function],
  "getAllByLabelText": [Function],
  "getAllByPlaceholderText": [Function],
  "getAllByRole": [Function],
  "getAllByTestId": [Function],
  "getAllByText": [Function],
  "getAllByTitle": [Function],
  "getByAltText": [Function],
  "getByDisplayValue": [Function],
  "getByLabelText": [Function],
  "getByPlaceholderText": [Function],
  "getByRole": [Function],
  "getByTestId": [Function],
  "getByText": [Function],
  "getByTitle": [Function],
  "queryAllByAltText": [Function],
  "queryAllByDisplayValue": [Function],
  "queryAllByLabelText": [Function],
  "queryAllByPlaceholderText": [Function],
  "queryAllByRole": [Function],
  "queryAllByTestId": [Function],
  "queryAllByText": [Function],
  "queryAllByTitle": [Function],
  "queryByAltText": [Function],
  "queryByDisplayValue": [Function],
  "queryByLabelText": [Function],
  "queryByPlaceholderText": [Function],
  "queryByRole": [Function],
  "queryByTestId": [Function],
  "queryByText": [Function],
  "queryByTitle": [Function],
  "rerender": [Function],
  "unmount": [Function],
}
`;
