// Jest Snapshot v1, https://goo.gl/fbAQLP

exports[`Render App component 1`] = `
Object {
  "asFragment": [Function],
  "baseElement": <body>
    <div>
      <div
        class="App container-sm card border-secondary p-5 my-5"
      >
        <div
          class="d-flex flex-column"
        >
          <div
            class="d-sm-flex justify-content-center align-items-center"
          >
            <button
              class="btn btn-primary mx-3"
              id="addManually"
              type="button"
            >
              Add Manually
            </button>
            <span>
              OR
            </span>
            <form
              class="mx-3"
              name="theForm"
            >
              <div
                class="col-sm-10"
              >
                <input
                  accept=".csv"
                  class="form-control"
                  name="formFile"
                  type="file"
                  value=""
                />
                <div
                  class="invalid-feedback"
                >
                  File must be a CSV file
                </div>
              </div>
            </form>
          </div>
        </div>
      </div>
    </div>
  </body>,
  "container": <div>
    <div
      class="App container-sm card border-secondary p-5 my-5"
    >
      <div
        class="d-flex flex-column"
      >
        <div
          class="d-sm-flex justify-content-center align-items-center"
        >
          <button
            class="btn btn-primary mx-3"
            id="addManually"
            type="button"
          >
            Add Manually
          </button>
          <span>
            OR
          </span>
          <form
            class="mx-3"
            name="theForm"
          >
            <div
              class="col-sm-10"
            >
              <input
                accept=".csv"
                class="form-control"
                name="formFile"
                type="file"
                value=""
              />
              <div
                class="invalid-feedback"
              >
                File must be a CSV file
              </div>
            </div>
          </form>
        </div>
      </div>
    </div>
  </div>,
  "debug": [Function],
  "findAllByAltText": [Function],
  "findAllByDisplayValue": [Function],
  "findAllByLabelText": [Function],
  "findAllByPlaceholderText": [Function],
  "findAllByRole": [Function],
  "findAllByTestId": [Function],
  "findAllByText": [Function],
  "findAllByTitle": [Function],
  "findByAltText": [Function],
  "findByDisplayValue": [Function],
  "findByLabelText": [Function],
  "findByPlaceholderText": [Function],
  "findByRole": [Function],
  "findByTestId": [Function],
  "findByText": [Function],
  "findByTitle": [Function],
  "getAllByAltText": [Function],
  "getAllByDisplayValue": [Function],
  "getAllByLabelText": [Function],
  "getAllByPlaceholderText": [Function],
  "getAllByRole": [Function],
  "getAllByTestId": [Function],
  "getAllByText": [Function],
  "getAllByTitle": [Function],
  "getByAltText": [Function],
  "getByDisplayValue": [Function],
  "getByLabelText": [Function],
  "getByPlaceholderText": [Function],
  "getByRole": [Function],
  "getByTestId": [Function],
  "getByText": [Function],
  "getByTitle": [Function],
  "queryAllByAltText": [Function],
  "queryAllByDisplayValue": [Function],
  "queryAllByLabelText": [Function],
  "queryAllByPlaceholderText": [Function],
  "queryAllByRole": [Function],
  "queryAllByTestId": [Function],
  "queryAllByText": [Function],
  "queryAllByTitle": [Function],
  "queryByAltText": [Function],
  "queryByDisplayValue": [Function],
  "queryByLabelText": [Function],
  "queryByPlaceholderText": [Function],
  "queryByRole": [Function],
  "queryByTestId": [Function],
  "queryByText": [Function],
  "queryByTitle": [Function],
  "rerender": [Function],
  "unmount": [Function],
}
`;
